
> employee-feedback@0.1.0 dev
> next dev

node.exe : ÔÜá Port 3000 
is in use by process 
21040, using available 
port 3001 instead.
En C:\Program 
Files\nodejs\npm.ps1: 29 
Carácter: 3
+   & $NODE_EXE 
$NPM_CLI_JS $args
+   ~~~~~~~~~~~~~~~~~~~~~
~~~~~~~~
    + CategoryInfo       
       : NotSpecified:   
  (ÔÜá Port 3000 i...t   
  3001 instead.:Strin    
g) [], RemoteExcepti    
on
    + FullyQualifiedErro 
   rId : NativeCommandE  
  rror
 
ÔÜá Warning: Next.js 
inferred your workspace 
root, but it may not be 
correct.
 We detected multiple 
lockfiles and selected 
the directory of C:\Users
\ruben\package-lock.json 
as the root directory.
 To silence this 
warning, set 
`turbopack.root` in your 
Next.js config, or 
consider removing one of 
the lockfiles if it's 
not needed.
   See https://nextjs.org
/docs/app/api-reference/c
onfig/next-config-js/turb
opack#root-directory for 
more information.
 Detected additional 
lockfiles: 
   * C:\Users\ruben\OneDr
ive\Escritorio\Proyectos\
encuesta\package-lock.jso
n

Ôû▓ Next.js 16.1.6 (Turbopack)
- Local:         http://localhost:3001
- Network:       http://192.168.1.41:3001
- Environments: .env.local

Ô£ô Starting...
Ô¿» Unable to acquire 
lock at C:\Users\ruben\On
eDrive\Escritorio\Proyect
os\encuesta\.next\dev\loc
k, is another instance 
of next dev running?
  Suggestion: If you intended to restart next dev, terminate the other process, and then try again.
[?25h
